// Jest Snapshot v1, https://goo.gl/fbAQLP

exports[`should render header correctly 1`] = `
<header>
  <h1>
    EXPENsify
  </h1>
  <NavLink
    activeClassName="is-active"
    exact={true}
    to="/"
  >
    HOME   
  </NavLink>
  <NavLink
    activeClassName="is-active"
    to="/create"
  >
    CREATE         
  </NavLink>
  <NavLink
    activeClassName="is-active"
    to="/help"
  >
    HELP           
  </NavLink>
</header>
`;
